// Jest Snapshot v1, https://goo.gl/fbAQLP

exports[`file-upload component rednerds correctly 1`] = `
<div>
  <div>
    <input
      type="text"
    />
    <button>
      Import
    </button>
  </div>
</div>
`;
